Fields:
SJ kezdes (0) - object: x
	neighbours: [(vegzes, 1)]
ISJ vegzes (0,2) - object: x
	neighbours: [(kezdes, 2)]

Buildings:

Actors:
> Eszkimo eszkimo (heat: 0) on vegzes
  Inventory: []
> Medve m on vegzes
