Fields:
SJ m (0) - object: x
	neighbours: []

Buildings:
Iglu on m

Actors:
> Eszkimo e (heat: 5) on m
  Inventory: []