Fields:
L m (0) - object: x
	neighbours: []

Buildings:

Actors:
> Eszkimo e (heat: 5) on m
  Inventory: []