Fields:
SJ m (0) - object: x
	neighbours: []

Buildings:

Actors:
> Sarkkutato s (heat: 4) on m
  Inventory: []