Fields:
SJ sj1 (4) - object: ?
	neighbours: [(1,sj2)]
SJ sj2 (4) - object: ?
	neighbours: []

Buildings:

Actors:
> Eszkimo e (heat: 5) on sj2
  Inventory: []