Fields:
SJ mezo (1) - object: ?
	neighbours: []

Buildings:

Actors:
> Eszkimo e (heat: 5) on mezo
  Inventory: [ta]