Fields:
SJ mezo (1) - objects: ?
	neighbours: []

Buildings:

Actors:
> Eszkimo eszkimo (heat: 5) on mezo
  Inventory: []
