Fields:
SJ m1 (0) - object: x
	neighbours: [(1,m2)]
ISJ m2 (0,1) - object: x
	neighbours: [(2,m1)]

Buildings:

Actors:
> Eszkimo e1 (heat: 0) on m2
  Inventory: []
> Eszkimo e2 (heat: 0) on m2
  Inventory: []