Fields:
SJ m (0) - object: x
	neighbours: []

Buildings:

Actors:
> Eszkimo eszkimo (heat: 5) on m
  Inventory: []