Fields:
SJ m (1) - object: ?
	neighbours: []

Buildings:

Actors:
> Eszkimo e (heat: 5) on m
  Inventory: []