Fields:
SJ kezdes (0) - object: x
	neighbours: [(1,vegzes)]
SJ vegzes (0) - object: x
	neighbours: [(2,kezdes)]
	
Buildings:
Iglu on vegzes

Actors:
> Eszkimo eszkimo (heat: 5) on vegzes
  Inventory: []
> Jegesmedve m (heat: 1) on kezdes
  Inventory: []