Fields:
SJ m (1) - object: ?
	neighbours: []

Buildings:
Iglu on m

Actors:
> Eszkimo e (heat: 5) on m
  Inventory: []